// Vitest Snapshot v1, https://vitest.dev/guide/snapshot.html

exports[`QuantitySelector > matches the snapshot 1`] = `
<DocumentFragment>
  <div
    class="flex gap-2"
  >
    <button
      class="inline-flex items-center justify-center gap-2 whitespace-nowrap rounded-md font-medium transition-colors focus-visible:outline-none focus-visible:ring-1 focus-visible:ring-ring disabled:pointer-events-none disabled:opacity-50 [&_svg]:pointer-events-none [&_svg]:size-4 [&_svg]:shrink-0 border border-input bg-background shadow-sm hover:bg-accent hover:text-accent-foreground h-9 px-4 py-2 text-lg"
      data-testid="quantity-lower"
    >
      -
    </button>
    <input
      class="flex h-9 rounded-md border border-input bg-transparent px-3 py-1 text-base shadow-sm transition-colors file:border-0 file:bg-transparent file:text-sm file:font-medium file:text-foreground placeholder:text-muted-foreground focus-visible:outline-none focus-visible:ring-1 focus-visible:ring-ring disabled:cursor-not-allowed disabled:opacity-50 md:text-sm m-none w-[4rem] pr-0 text-center"
      data-testid="quantity-input"
      max="99"
      min="1"
      type="number"
      value="1"
    />
    <button
      class="inline-flex items-center justify-center gap-2 whitespace-nowrap rounded-md font-medium transition-colors focus-visible:outline-none focus-visible:ring-1 focus-visible:ring-ring disabled:pointer-events-none disabled:opacity-50 [&_svg]:pointer-events-none [&_svg]:size-4 [&_svg]:shrink-0 border border-input bg-background shadow-sm hover:bg-accent hover:text-accent-foreground h-9 px-4 py-2 text-lg"
      data-testid="quantity-boost"
    >
      +
    </button>
  </div>
</DocumentFragment>
`;
