// Vitest Snapshot v1, https://vitest.dev/guide/snapshot.html

exports[`Main component > matches snapshot 1`] = `
<DocumentFragment>
  <main
    class="flex-1 bg-gray-100"
  >
    <div
      class="mx-auto grid h-full w-full max-w-[1280px] content-start py-8 sm:p-8"
    >
      <p>
        children test
      </p>
    </div>
  </main>
</DocumentFragment>
`;
