// Vitest Snapshot v1, https://vitest.dev/guide/snapshot.html

exports[`RenderSingleProduct > matches snapshot 1`] = `
<DocumentFragment>
  <section
    class="grid grid-cols-[repeat(auto-fit,minmax(240px,1fr))] gap-8 rounded-md bg-white p-8 shadow-md"
  >
    <img
      alt="Product 1"
      class="mx-auto aspect-square w-full rounded-md border bg-white object-contain p-8"
      src="image1.jpg"
    />
    <div
      class="flex flex-1 flex-col gap-4"
    >
      <h2
        class="font-bold"
      >
        Product 1
      </h2>
      <p>
        Description for Product 1
      </p>
      <p>
        $100
      </p>
      <div
        class="flex gap-2"
      >
        <button
          class="inline-flex items-center justify-center gap-2 whitespace-nowrap rounded-md font-medium transition-colors focus-visible:outline-none focus-visible:ring-1 focus-visible:ring-ring disabled:pointer-events-none disabled:opacity-50 [&_svg]:pointer-events-none [&_svg]:size-4 [&_svg]:shrink-0 border border-input bg-background shadow-sm hover:bg-accent hover:text-accent-foreground h-9 px-4 py-2 text-lg"
          data-testid="quantity-lower"
        >
          -
        </button>
        <input
          class="flex h-9 rounded-md border border-input bg-transparent px-3 py-1 text-base shadow-sm transition-colors file:border-0 file:bg-transparent file:text-sm file:font-medium file:text-foreground placeholder:text-muted-foreground focus-visible:outline-none focus-visible:ring-1 focus-visible:ring-ring disabled:cursor-not-allowed disabled:opacity-50 md:text-sm m-none w-[4rem] pr-0 text-center"
          data-testid="quantity-input"
          max="99"
          min="1"
          type="number"
          value="1"
        />
        <button
          class="inline-flex items-center justify-center gap-2 whitespace-nowrap rounded-md font-medium transition-colors focus-visible:outline-none focus-visible:ring-1 focus-visible:ring-ring disabled:pointer-events-none disabled:opacity-50 [&_svg]:pointer-events-none [&_svg]:size-4 [&_svg]:shrink-0 border border-input bg-background shadow-sm hover:bg-accent hover:text-accent-foreground h-9 px-4 py-2 text-lg"
          data-testid="quantity-boost"
        >
          +
        </button>
      </div>
      <button
        class="inline-flex items-center justify-center gap-2 whitespace-nowrap rounded-md transition-colors focus-visible:outline-none focus-visible:ring-1 focus-visible:ring-ring disabled:pointer-events-none disabled:opacity-50 [&_svg]:pointer-events-none [&_svg]:size-4 [&_svg]:shrink-0 text-primary-foreground shadow h-9 mr-auto bg-blue-500 px-8 py-6 text-lg font-bold hover:bg-blue-500"
      >
        Add to cart
      </button>
    </div>
  </section>
</DocumentFragment>
`;
